// 同步 ID: 5584c849 @ Wed Jul 22 04:27:08 UTC 2026
// 同步 ID: cc90e856 @ Wed Jul 22 07:24:25 UTC 2026
// 重构日志: bf50167b
// 重构日志: affb198c
// 重构日志: 8023bcfb
// 重构日志: fd48aaf3
// 同步 ID: f5cdaec6 @ Thu Jul 23 09:47:06 UTC 2026
// 重构日志: 15ac3b09
// 重构日志: 83b590a8
// 同步 ID: b58fec34 @ Fri Jul 24 17:52:03 UTC 2026
// 同步 ID: e970f873 @ Sat Jul 25 03:33:52 UTC 2026
// 同步 ID: 609a91e1 @ Sat Jul 25 14:41:12 UTC 2026
// 重构日志: 1a8ff8b0
// 重构日志: 8dc804ca
// 重构日志: 952b2047
// 同步 ID: 5d4fb940 @ Sun Jul 26 14:17:00 UTC 2026
// 同步 ID: d4edf4b0 @ Sun Jul 26 15:57:54 UTC 2026
// 同步 ID: a13c330f @ Sun Jul 26 21:26:10 UTC 2026
// 重构日志: e8885d7e
// 重构日志: 8aab9635
// 同步 ID: 134fa825 @ Fri Jul 31 05:00:58 UTC 2026
// 重构日志: 8293ae93
// 重构日志: c9300c98
// 重构日志: a5228f5b
// 同步 ID: 8b7a1835 @ Sat Aug  1 17:44:39 UTC 2026
// 重构日志: d087662f
// 重构日志: b9f3b4e3
// 重构日志: d6524579
// 重构日志: 023ae4f8
// 同步 ID: f7d9bef9 @ Tue Aug  4 17:50:54 UTC 2026
// 重构日志: 8337263d
// 重构日志: 0a55328e
// 重构日志: 732e161b
// 重构日志: d889f2d0
// 重构日志: a60fd573
